NAMESPACE            NAME                                             READY   STATUS    RESTARTS        AGE
kube-system          pod/coredns-674b8bbfcf-gtp4b                     1/1     Running   0               12m
kube-system          pod/coredns-674b8bbfcf-h2jsw                     1/1     Running   0               12m
kube-system          pod/etcd-kind-control-plane                      1/1     Running   0               12m
kube-system          pod/kindnet-6zkz6                                1/1     Running   0               12m
kube-system          pod/kindnet-blfd5                                1/1     Running   0               12m
kube-system          pod/kindnet-dn2qq                                1/1     Running   0               12m
kube-system          pod/kindnet-dnlc6                                1/1     Running   0               12m
kube-system          pod/kindnet-mjzj2                                1/1     Running   0               12m
kube-system          pod/kindnet-mmvhb                                1/1     Running   0               12m
kube-system          pod/kindnet-qzj99                                1/1     Running   0               12m
kube-system          pod/kube-apiserver-kind-control-plane            1/1     Running   0               12m
kube-system          pod/kube-controller-manager-kind-control-plane   1/1     Running   0               12m
kube-system          pod/kube-proxy-5wc5l                             1/1     Running   0               12m
kube-system          pod/kube-proxy-9jnzh                             1/1     Running   0               12m
kube-system          pod/kube-proxy-bbjn9                             1/1     Running   0               12m
kube-system          pod/kube-proxy-lhl8l                             1/1     Running   0               12m
kube-system          pod/kube-proxy-m672m                             1/1     Running   0               12m
kube-system          pod/kube-proxy-nqw4f                             1/1     Running   0               12m
kube-system          pod/kube-proxy-t7btq                             1/1     Running   0               12m
kube-system          pod/kube-scheduler-kind-control-plane            1/1     Running   0               12m
local-path-storage   pod/local-path-provisioner-7dc846544d-46ms4      1/1     Running   0               12m
mysql                pod/mysql-0                                      1/1     Running   1 (6m48s ago)   10m
mysql                pod/mysql-1                                      1/1     Running   1 (3m27s ago)   6m13s
todoapp              pod/todoapp-5cd956f489-6m7sk                     1/1     Running   5 (5m41s ago)   10m
todoapp              pod/todoapp-5cd956f489-qc998                     1/1     Running   5 (4m17s ago)   10m

NAMESPACE     NAME                       TYPE        CLUSTER-IP      EXTERNAL-IP   PORT(S)                  AGE
default       service/kubernetes         ClusterIP   10.96.0.1       <none>        443/TCP                  12m
kube-system   service/kube-dns           ClusterIP   10.96.0.10      <none>        53/UDP,53/TCP,9153/TCP   12m
mysql         service/mysql              ClusterIP   None            <none>        3306/TCP                 10m
todoapp       service/todoapp-nodeport   NodePort    10.96.250.180   <none>        80:30007/TCP             10m
todoapp       service/todoapp-service    ClusterIP   10.96.180.148   <none>        80/TCP                   10m

NAMESPACE     NAME                        DESIRED   CURRENT   READY   UP-TO-DATE   AVAILABLE   NODE SELECTOR            AGE
kube-system   daemonset.apps/kindnet      7         7         7       7            7           kubernetes.io/os=linux   12m
kube-system   daemonset.apps/kube-proxy   7         7         7       7            7           kubernetes.io/os=linux   12m

NAMESPACE            NAME                                     READY   UP-TO-DATE   AVAILABLE   AGE
kube-system          deployment.apps/coredns                  2/2     2            2           12m
local-path-storage   deployment.apps/local-path-provisioner   1/1     1            1           12m
todoapp              deployment.apps/todoapp                  2/2     2            2           10m

NAMESPACE            NAME                                                DESIRED   CURRENT   READY   AGE
kube-system          replicaset.apps/coredns-674b8bbfcf                  2         2         2       12m
local-path-storage   replicaset.apps/local-path-provisioner-7dc846544d   1         1         1       12m
todoapp              replicaset.apps/todoapp-5cd956f489                  2         2         2       10m

NAMESPACE   NAME                     READY   AGE
mysql       statefulset.apps/mysql   2/2     10m

NAMESPACE   NAME                                          REFERENCE            TARGETS                                     MINPODS   MAXPODS   REPLICAS   AGE
todoapp     horizontalpodautoscaler.autoscaling/todoapp   Deployment/todoapp   cpu: <unknown>/80%, memory: <unknown>/80%   2         5         2          10m

NAMESPACE            NAME                                                             DATA   AGE
default              configmap/kube-root-ca.crt                                       1      12m
kube-node-lease      configmap/kube-root-ca.crt                                       1      12m
kube-public          configmap/cluster-info                                           2      12m
kube-public          configmap/kube-root-ca.crt                                       1      12m
kube-system          configmap/coredns                                                1      12m
kube-system          configmap/extension-apiserver-authentication                     6      12m
kube-system          configmap/kube-apiserver-legacy-service-account-token-tracking   1      12m
kube-system          configmap/kube-proxy                                             2      12m
kube-system          configmap/kube-root-ca.crt                                       1      12m
kube-system          configmap/kubeadm-config                                         1      12m
kube-system          configmap/kubelet-config                                         1      12m
local-path-storage   configmap/kube-root-ca.crt                                       1      12m
local-path-storage   configmap/local-path-config                                      4      12m
mysql                configmap/kube-root-ca.crt                                       1      10m
mysql                configmap/mysql                                                  1      10m
todoapp              configmap/app-config                                             1      10m
todoapp              configmap/kube-root-ca.crt                                       1      10m

NAMESPACE     NAME                                   TYPE                            DATA   AGE
default       secret/sh.helm.release.v1.todoapp.v1   helm.sh/release.v1              1      10m
kube-system   secret/bootstrap-token-abcdef          bootstrap.kubernetes.io/token   6      12m
mysql         secret/mysql-secrets                   Opaque                          4      10m
todoapp       secret/app-secret                      Opaque                          5      10m
